// Jest Snapshot v1, https://goo.gl/fbAQLP

exports[`The Counter component has the same snapshot 1`] = `
<div>
  <div>
    Count: 
    0
  </div>
  <div />
  <button
    onClick={[Function]}
  >
    Increment
  </button>
</div>
`;
